(TranslationUnit
    (SymbolTable
        1
        {
            x:
                (Program
                    (SymbolTable
                        2
                        {
                            a:
                                (Variable
                                    2
                                    a
                                    []
                                    Local
                                    ()
                                    ()
                                    Default
                                    (Real 4)
                                    ()
                                    Source
                                    Public
                                    Required
                                    .false.
                                ),
                            integerx:
                                (Variable
                                    2
                                    integerx
                                    []
                                    Local
                                    ()
                                    ()
                                    Default
                                    (Integer 4)
                                    ()
                                    Source
                                    Public
                                    Required
                                    .false.
                                ),
                            l:
                                (Variable
                                    2
                                    l
                                    []
                                    Local
                                    ()
                                    ()
                                    Default
                                    (Integer 4)
                                    ()
                                    Source
                                    Public
                                    Required
                                    .false.
                                )
                        })
                    x
                    []
                    [(Assignment
                        (Var 2 l)
                        (IntegerConstant 3 (Integer 4) Decimal)
                        ()
                    )
                    (Assignment
                        (Var 2 a)
                        (Cast
                            (IntegerConstant 3 (Integer 4) Decimal)
                            IntegerToReal
                            (Real 4)
                            (RealConstant
                                3.000000
                                (Real 4)
                            )
                        )
                        ()
                    )
                    (Assignment
                        (Var 2 integerx)
                        (IntegerConstant 12 (Integer 4) Decimal)
                        ()
                    )
                    (Print
                        (StringFormat
                            ()
                            [(Var 2 l)
                            (Var 2 a)
                            (Var 2 integerx)]
                            FormatFortran
                            (String -1 0 () PointerString)
                            ()
                        )
                    )]
                )
        })
    []
)
