(TranslationUnit
    (SymbolTable
        1
        {
            implicit_interface_allocatable_array:
                (Function
                    (SymbolTable
                        2
                        {
                            r_g:
                                (Variable
                                    2
                                    r_g
                                    []
                                    Local
                                    ()
                                    ()
                                    Default
                                    (Allocatable
                                        (Array
                                            (Real 4)
                                            [(()
                                            ())]
                                            DescriptorArray
                                        )
                                    )
                                    ()
                                    Source
                                    Public
                                    Required
                                    .false.
                                ),
                            sub:
                                (Function
                                    (SymbolTable
                                        3
                                        {
                                            sub_arg_0:
                                                (Variable
                                                    3
                                                    sub_arg_0
                                                    []
                                                    Unspecified
                                                    ()
                                                    ()
                                                    Default
                                                    (Integer 4)
                                                    ()
                                                    BindC
                                                    Public
                                                    Required
                                                    .false.
                                                ),
                                            sub_arg_1:
                                                (Variable
                                                    3
                                                    sub_arg_1
                                                    []
                                                    Unspecified
                                                    ()
                                                    ()
                                                    Default
                                                    (Allocatable
                                                        (Array
                                                            (Real 4)
                                                            [(()
                                                            ())]
                                                            PointerToDataArray
                                                        )
                                                    )
                                                    ()
                                                    BindC
                                                    Public
                                                    Required
                                                    .false.
                                                )
                                        })
                                    sub
                                    (FunctionType
                                        [(Integer 4)
                                        (Allocatable
                                            (Array
                                                (Real 4)
                                                [(()
                                                ())]
                                                PointerToDataArray
                                            )
                                        )]
                                        ()
                                        BindC
                                        Interface
                                        ()
                                        .false.
                                        .false.
                                        .false.
                                        .false.
                                        .false.
                                        []
                                        .false.
                                    )
                                    []
                                    [(Var 3 sub_arg_0)
                                    (Var 3 sub_arg_1)]
                                    []
                                    ()
                                    Public
                                    .false.
                                    .false.
                                    ()
                                )
                        })
                    implicit_interface_allocatable_array
                    (FunctionType
                        []
                        ()
                        Source
                        Implementation
                        ()
                        .false.
                        .false.
                        .false.
                        .false.
                        .false.
                        []
                        .false.
                    )
                    []
                    []
                    [(SubroutineCall
                        2 sub
                        ()
                        [((IntegerConstant 1 (Integer 4) Decimal))
                        ((ArrayPhysicalCast
                            (Var 2 r_g)
                            DescriptorArray
                            PointerToDataArray
                            (Allocatable
                                (Array
                                    (Real 4)
                                    [(()
                                    ())]
                                    PointerToDataArray
                                )
                            )
                            ()
                        ))]
                        ()
                    )
                    (ImplicitDeallocate
                        [(Var 2 r_g)]
                    )]
                    ()
                    Public
                    .false.
                    .false.
                    ()
                )
        })
    []
)
