semantic error: Array passed into function has less elements than function expects.
 --> tests/errors/func_arg_array.f90:4:14
  |
4 |     i = temp(myArray)
  |              ^^^^^^^ 
