semantic error: Symbol 'idint' is not a function or an array
 --> tests/errors/idint_real4.f90:2:14
  |
2 |     print *, idint(4.5)
  |              ^^^^^^^^^^ 
