(TranslationUnit
    [(Module
        m
        (TriviaNode
            []
            [(EndOfLine)
            (EndOfLine)]
        )
        []
        [(ImplicitNone
            []
            ()
        )]
        [(Declaration
            (AttrType
                TypeInteger
                []
                ()
                ()
                None
            )
            []
            [(x
            []
            []
            ()
            ()
            None
            ())]
            ()
        )]
        [(DataStmt
            0
            [(DataStmtSet
                [x]
                [1]
            )]
            ()
        )]
        []
    )
    (Program
        main
        ()
        []
        [(ImplicitNone
            []
            ()
        )]
        []
        []
        []
    )]
)
