(TranslationUnit
    [(Program
        common1
        (TriviaNode
            []
            [(EndOfLine)
            (EndOfLine)]
        )
        []
        [(Implicit
            [(ImplicitSpec
                (AttrType
                    TypeReal
                    []
                    ()
                    ()
                    None
                )
                [(LetterSpec
                    a
                    z
                )]
            )]
            ()
        )]
        [(Declaration
            (AttrType
                TypeReal
                []
                ()
                ()
                None
            )
            []
            [(A
            []
            []
            ()
            ()
            None
            ())
            (B
            []
            []
            ()
            ()
            None
            ())]
            ()
        )
        (Declaration
            ()
            [(SimpleAttribute
                AttrCommon
            )]
            [(sample
            []
            []
            ()
            ()
            Slash
            ())
            (A
            []
            []
            ()
            A
            None
            ())
            (B
            []
            []
            ()
            B
            None
            ())]
            ()
        )
        (Declaration
            ()
            [(SimpleAttribute
                AttrCommon
            )]
            [(c
            []
            []
            ()
            ()
            Slash
            ())
            (c
            []
            []
            ()
            c
            None
            ())
            (b
            []
            []
            ()
            ()
            Slash
            ())
            (d
            []
            []
            ()
            d
            None
            ())
            (e
            []
            []
            ()
            e
            None
            ())
            (f
            []
            []
            ()
            f
            None
            ())
            (c
            []
            []
            ()
            ()
            Slash
            ())
            (g
            []
            []
            ()
            g
            None
            ())
            (h
            []
            []
            ()
            h
            None
            ())
            (i
            [(1
            5
            DimensionExpr)]
            []
            ()
            (FuncCallOrArray
                i
                []
                [(()
                5
                ()
                0)]
                []
                []
                []
            )
            None
            ())]
            ()
        )
        (Declaration
            ()
            [(SimpleAttribute
                AttrCommon
            )]
            [(()
            []
            []
            ()
            ()
            Slash
            ())
            (x
            []
            []
            ()
            x
            None
            ())
            (y
            []
            []
            ()
            y
            None
            ())
            (z
            [(1
            10
            DimensionExpr)]
            []
            ()
            (FuncCallOrArray
                z
                []
                [(()
                10
                ()
                0)]
                []
                []
                []
            )
            None
            ())]
            ()
        )]
        [(Assignment
            0
            A
            10
            ()
        )
        (Assignment
            0
            B
            20
            ()
        )
        (SubroutineCall
            0
            pass
            []
            []
            []
            []
            ()
        )
        (Stop
            0
            ()
            ()
            ()
        )]
        []
    )
    (Subroutine
        pass
        []
        []
        ()
        ()
        []
        []
        []
        [(Declaration
            (AttrType
                TypeReal
                []
                ()
                ()
                None
            )
            []
            [(A
            []
            []
            ()
            ()
            None
            ())
            (B
            []
            []
            ()
            ()
            None
            ())]
            ()
        )
        (Declaration
            ()
            [(SimpleAttribute
                AttrCommon
            )]
            [(sample
            []
            []
            ()
            ()
            Slash
            ())
            (A
            []
            []
            ()
            A
            None
            ())
            (B
            []
            []
            ()
            B
            None
            ())]
            ()
        )]
        [(Print
            0
            ()
            [A
            B]
            ()
        )
        (Return
            0
            ()
            ()
        )]
        []
        []
    )]
)
