(TranslationUnit
    [(Program
        multi_error1
        (TriviaNode
            [(EndOfLine)
            (EndOfLine)]
            []
        )
        []
        []
        [(Declaration
            (AttrType
                TypeInteger
                []
                ()
                ()
                None
            )
            []
            [(z
            []
            []
            ()
            ()
            None
            ())]
            ()
        )]
        [(Assignment
            0
            z
            1
            ()
        )
        (Print
            0
            ()
            [z]
            ()
        )]
        []
    )]
)
