(TranslationUnit
    [(Program
        __xx_main
        ()
        []
        [(ImplicitNone
            []
            ()
        )]
        [(DerivedType
            test_t
            []
            ()
            []
            [(Declaration
                (AttrType
                    TypeReal
                    []
                    ()
                    ()
                    None
                )
                []
                [(a
                []
                []
                ()
                ()
                None
                ())]
                ()
            )]
            []
        )]
        []
        []
    )]
)
