(TranslationUnit
    [(Subroutine
        f
        []
        []
        ()
        ()
        []
        []
        []
        [(Declaration
            (AttrType
                TypeInteger
                []
                ()
                ()
                None
            )
            []
            [(a
            []
            []
            ()
            ()
            None
            ())
            (b
            []
            []
            ()
            ()
            None
            ())
            (c
            []
            []
            ()
            ()
            None
            ())
            (d
            []
            []
            ()
            ()
            None
            ())
            (e
            []
            []
            ()
            ()
            None
            ())
            (g
            []
            []
            ()
            ()
            None
            ())
            (h
            []
            []
            ()
            ()
            None
            ())
            (i
            []
            []
            ()
            ()
            None
            ())
            (j
            []
            []
            ()
            ()
            None
            ())
            (k
            []
            []
            ()
            ()
            None
            ())]
            ()
        )
        (Declaration
            ()
            [(SimpleAttribute
                AttrCommon
            )]
            [(block_1
            []
            []
            ()
            ()
            Slash
            ())
            (a
            []
            []
            ()
            a
            None
            ())
            (b
            []
            []
            ()
            b
            None
            ())
            (h
            []
            []
            ()
            h
            None
            ())
            (block_2
            []
            []
            ()
            ()
            Slash
            ())
            (c
            []
            []
            ()
            c
            None
            ())
            (d
            []
            []
            ()
            d
            None
            ())
            (block_3
            []
            []
            ()
            ()
            Slash
            ())
            (e
            []
            []
            ()
            e
            None
            ())
            (g
            []
            []
            ()
            g
            None
            ())]
            ()
        )
        (Declaration
            ()
            [(SimpleAttribute
                AttrCommon
            )]
            [(block_4
            []
            []
            ()
            ()
            Slash
            ())
            (i
            []
            []
            ()
            i
            None
            ())
            (block_5
            []
            []
            ()
            ()
            Slash
            ())
            (j
            []
            []
            ()
            j
            None
            ())
            (k
            []
            []
            ()
            k
            None
            ())]
            ()
        )]
        []
        []
        []
    )]
)
