[{"kind":13,"location":{"range":{"start":{"character":40,"line":2},"end":{"character":41,"line":2}},"uri":"uri"},"name":"ec","filename":"tests/lookup_name3.f90"}]