First error skipped
Second error skipped
2
Third error skipped
Circle Area:    1.40129846e-45
Fourth error skipped
Fifth error skipped
2.00000000e+00    0.00000000e+00
Sixth error skipped
Seventh error skipped
