(TranslationUnit
    (SymbolTable
        1
        {
            array_05_cc:
                (Program
                    (SymbolTable
                        4
                        {
                            t:
                                (ExternalSymbol
                                    4
                                    t
                                    2 t
                                    module_array_05
                                    []
                                    t
                                    Public
                                ),
                            type_01:
                                (Variable
                                    4
                                    type_01
                                    []
                                    Local
                                    ()
                                    ()
                                    Default
                                    (StructType
                                        4 t
                                    )
                                    ()
                                    Source
                                    Public
                                    Required
                                    .false.
                                )
                        })
                    array_05_cc
                    [module_array_05]
                    [(Print
                        (StringConstant
                            "compilation continued despite errors"
                            (String 1 36 () PointerString)
                        )
                    )]
                ),
            module_array_05:
                (Module
                    (SymbolTable
                        2
                        {
                            t:
                                (Struct
                                    (SymbolTable
                                        3
                                        {
                                            x:
                                                (Variable
                                                    3
                                                    x
                                                    []
                                                    Local
                                                    ()
                                                    ()
                                                    Default
                                                    (Allocatable
                                                        (Array
                                                            (Real 4)
                                                            [(()
                                                            ())]
                                                            DescriptorArray
                                                        )
                                                    )
                                                    ()
                                                    Source
                                                    Public
                                                    Required
                                                    .false.
                                                )
                                        })
                                    t
                                    []
                                    [x]
                                    Source
                                    Public
                                    .false.
                                    .false.
                                    []
                                    ()
                                    ()
                                )
                        })
                    module_array_05
                    []
                    .false.
                    .false.
                )
        })
    []
)
