(TranslationUnit
    (SymbolTable
        1
        {
            multi_error1:
                (Program
                    (SymbolTable
                        2
                        {
                            z:
                                (Variable
                                    2
                                    z
                                    []
                                    Local
                                    ()
                                    ()
                                    Default
                                    (Integer 4)
                                    ()
                                    Source
                                    Public
                                    Required
                                    .false.
                                )
                        })
                    multi_error1
                    []
                    [(Assignment
                        (Var 2 z)
                        (IntegerConstant 1 (Integer 4) Decimal)
                        ()
                    )
                    (Print
                        (StringFormat
                            ()
                            [(Var 2 z)]
                            FormatFortran
                            (String -1 0 () PointerString)
                            ()
                        )
                    )]
                )
        })
    []
)
