(TranslationUnit
    (SymbolTable
        1
        {
            continue_compilation_1:
                (Program
                    (SymbolTable
                        2
                        {
                            a:
                                (Variable
                                    2
                                    a
                                    []
                                    Local
                                    ()
                                    ()
                                    Default
                                    (Array
                                        (Integer 4)
                                        [((IntegerConstant 1 (Integer 4) Decimal)
                                        (IntegerConstant 3 (Integer 4) Decimal))]
                                        FixedSizeArray
                                    )
                                    ()
                                    Source
                                    Public
                                    Required
                                    .false.
                                ),
                            a1:
                                (Variable
                                    2
                                    a1
                                    []
                                    Local
                                    ()
                                    ()
                                    Default
                                    (Array
                                        (String 1 1 () PointerString)
                                        [((IntegerConstant 1 (Integer 4) Decimal)
                                        (IntegerConstant 3 (Integer 4) Decimal))
                                        ((IntegerConstant 1 (Integer 4) Decimal)
                                        (IntegerConstant 3 (Integer 4) Decimal))]
                                        FixedSizeArray
                                    )
                                    ()
                                    Source
                                    Public
                                    Required
                                    .false.
                                ),
                            a2:
                                (Variable
                                    2
                                    a2
                                    []
                                    Local
                                    ()
                                    ()
                                    Default
                                    (Array
                                        (Logical 4)
                                        [((IntegerConstant 1 (Integer 4) Decimal)
                                        (IntegerConstant 3 (Integer 4) Decimal))
                                        ((IntegerConstant 1 (Integer 4) Decimal)
                                        (IntegerConstant 3 (Integer 4) Decimal))]
                                        FixedSizeArray
                                    )
                                    ()
                                    Source
                                    Public
                                    Required
                                    .false.
                                ),
                            a3:
                                (Variable
                                    2
                                    a3
                                    []
                                    Local
                                    ()
                                    ()
                                    Default
                                    (Array
                                        (Integer 4)
                                        [((IntegerConstant 1 (Integer 4) Decimal)
                                        (IntegerConstant 3 (Integer 4) Decimal))
                                        ((IntegerConstant 1 (Integer 4) Decimal)
                                        (IntegerConstant 3 (Integer 4) Decimal))
                                        ((IntegerConstant 1 (Integer 4) Decimal)
                                        (IntegerConstant 3 (Integer 4) Decimal))]
                                        FixedSizeArray
                                    )
                                    ()
                                    Source
                                    Public
                                    Required
                                    .false.
                                ),
                            a5:
                                (Variable
                                    2
                                    a5
                                    []
                                    Local
                                    ()
                                    ()
                                    Default
                                    (Integer 4)
                                    ()
                                    Source
                                    Public
                                    Required
                                    .false.
                                ),
                            b:
                                (Variable
                                    2
                                    b
                                    []
                                    Local
                                    ()
                                    ()
                                    Default
                                    (Array
                                        (Integer 4)
                                        [((IntegerConstant 1 (Integer 4) Decimal)
                                        (IntegerConstant 3 (Integer 4) Decimal))]
                                        FixedSizeArray
                                    )
                                    ()
                                    Source
                                    Public
                                    Required
                                    .false.
                                ),
                            b1:
                                (Variable
                                    2
                                    b1
                                    []
                                    Local
                                    ()
                                    ()
                                    Default
                                    (Array
                                        (Integer 4)
                                        [((IntegerConstant 1 (Integer 4) Decimal)
                                        (IntegerConstant 3 (Integer 4) Decimal))
                                        ((IntegerConstant 1 (Integer 4) Decimal)
                                        (IntegerConstant 3 (Integer 4) Decimal))]
                                        FixedSizeArray
                                    )
                                    ()
                                    Source
                                    Public
                                    Required
                                    .false.
                                ),
                            b4:
                                (Variable
                                    2
                                    b4
                                    []
                                    Local
                                    ()
                                    ()
                                    Default
                                    (Array
                                        (Integer 4)
                                        [((IntegerConstant 1 (Integer 4) Decimal)
                                        (IntegerConstant 3 (Integer 4) Decimal))
                                        ((IntegerConstant 1 (Integer 4) Decimal)
                                        (IntegerConstant 3 (Integer 4) Decimal))
                                        ((IntegerConstant 1 (Integer 4) Decimal)
                                        (IntegerConstant 3 (Integer 4) Decimal))
                                        ((IntegerConstant 1 (Integer 4) Decimal)
                                        (IntegerConstant 3 (Integer 4) Decimal))]
                                        FixedSizeArray
                                    )
                                    ()
                                    Source
                                    Public
                                    Required
                                    .false.
                                ),
                            b5:
                                (Variable
                                    2
                                    b5
                                    []
                                    Local
                                    ()
                                    ()
                                    Default
                                    (Integer 8)
                                    ()
                                    Source
                                    Public
                                    Required
                                    .false.
                                ),
                            c5:
                                (Variable
                                    2
                                    c5
                                    []
                                    Local
                                    ()
                                    ()
                                    Default
                                    (Integer 4)
                                    ()
                                    Source
                                    Public
                                    Required
                                    .false.
                                ),
                            i:
                                (Variable
                                    2
                                    i
                                    []
                                    Local
                                    ()
                                    ()
                                    Default
                                    (Integer 4)
                                    ()
                                    Source
                                    Public
                                    Required
                                    .false.
                                ),
                            i1:
                                (Variable
                                    2
                                    i1
                                    []
                                    Local
                                    (IntegerConstant 2 (Integer 4) Decimal)
                                    (IntegerConstant 2 (Integer 4) Decimal)
                                    Parameter
                                    (Integer 4)
                                    ()
                                    Source
                                    Public
                                    Required
                                    .false.
                                ),
                            y1:
                                (Variable
                                    2
                                    y1
                                    []
                                    Local
                                    ()
                                    ()
                                    Default
                                    (Real 8)
                                    ()
                                    Source
                                    Public
                                    Required
                                    .false.
                                ),
                            z1:
                                (Variable
                                    2
                                    z1
                                    []
                                    Local
                                    ()
                                    ()
                                    Default
                                    (Real 4)
                                    ()
                                    Source
                                    Public
                                    Required
                                    .false.
                                )
                        })
                    continue_compilation_1
                    []
                    [(Assignment
                        (Var 2 a5)
                        (IntegerConstant 8 (Integer 4) Decimal)
                        ()
                    )
                    (Assignment
                        (Var 2 b5)
                        (IntegerConstant 12 (Integer 8) Decimal)
                        ()
                    )
                    (Assignment
                        (Var 2 c5)
                        (IntegerConstant 2 (Integer 4) Decimal)
                        ()
                    )
                    (DoLoop
                        ()
                        ((Var 2 i)
                        (IntegerConstant 1 (Integer 4) Decimal)
                        (IntegerConstant 3 (Integer 4) Decimal)
                        ())
                        [(Print
                            (StringFormat
                                ()
                                [(Var 2 i)]
                                FormatFortran
                                (String -1 0 () PointerString)
                                ()
                            )
                        )]
                        []
                    )
                    (Assignment
                        (Var 2 i1)
                        (IntegerConstant 3 (Integer 4) Decimal)
                        ()
                    )
                    (Print
                        (StringFormat
                            ()
                            [(Var 2 i1)]
                            FormatFortran
                            (String -1 0 () PointerString)
                            ()
                        )
                    )]
                )
        })
    []
)
