semantic error: Type-spec cannot contain an asterisk for a type parameter
