(TranslationUnit
    (SymbolTable
        1
        {
            assign_01:
                (Program
                    (SymbolTable
                        2
                        {
                            x:
                                (Variable
                                    2
                                    x
                                    []
                                    Local
                                    (IntegerConstant 2 (Integer 4) Decimal)
                                    (IntegerConstant 2 (Integer 4) Decimal)
                                    Parameter
                                    (Integer 4)
                                    ()
                                    Source
                                    Public
                                    Required
                                    .false.
                                )
                        })
                    assign_01
                    []
                    [(Assignment
                        (Var 2 x)
                        (IntegerConstant 1 (Integer 4) Decimal)
                        ()
                    )
                    (Print
                        (StringFormat
                            ()
                            [(Var 2 x)]
                            FormatFortran
                            (String -1 0 () PointerString)
                            ()
                        )
                    )]
                )
        })
    []
)
